[2026-08-03T00:01:41.306Z] CREATED: TASK-20260803-000141367 — COMPLEX — Corrección crítica: OAuth/business auto-provisión, persistencia de chat y contexto Vitanova
[2026-08-03T00:11:27.651Z] CREATED: TASK-20260803-001127666 — COMPLEX — Motor de diagnóstico y protocolo No Pass No Commit (health-check persistente)
[2026-08-03T00:11:27.654Z] CREATED: TASK-20260803-001127354 — COMPLEX — Ingeniería de UX proactivo y wayfinding (dropzones, breadcrumbs, layouts dinámicos)
[2026-08-03T00:11:27.656Z] CREATED: TASK-20260803-001127679 — COMPLEX — Módulo de accesibilidad, ergonomía y salud óptica (pestaña dedicada)
[2026-08-03T00:11:27.658Z] CREATED: TASK-20260803-001127713 — COMPLEX — Arquitectura multilingüe nativa i18n (es/en/pt/ja)
[2026-08-03T00:11:50.133Z] DECISION: TASK-20260803-000141367 — architect → approve
[2026-08-03T00:11:50.135Z] DECISION: TASK-20260803-000141367 — database → approve
[2026-08-03T00:11:50.137Z] DECISION: TASK-20260803-000141367 — backend → approve
[2026-08-03T00:11:50.139Z] DECISION: TASK-20260803-000141367 — frontend → approve
[2026-08-03T00:11:50.140Z] DECISION: TASK-20260803-000141367 — ai_engineer → approve
[2026-08-03T00:11:50.143Z] DECISION: TASK-20260803-000141367 — performance → approve
[2026-08-03T00:11:50.145Z] DECISION: TASK-20260803-000141367 — security → approve
[2026-08-03T00:11:50.146Z] DECISION: TASK-20260803-000141367 — qa → approve
[2026-08-03T00:11:50.148Z] DECISION: TASK-20260803-000141367 — release → approve
[2026-08-03T00:11:50.150Z] DECISION: TASK-20260803-000141367 — infrastructure_bootstrap → approve
[2026-08-03T00:11:50.152Z] DECISION: TASK-20260803-000141367 — infrastructure_guardian → approve
[2026-08-03T00:11:50.153Z] DECISION: TASK-20260803-000141367 — memory_engineer → approve
[2026-08-03T00:12:02.760Z] TRANSITION: TASK-20260803-000141367 → in_progress
[2026-08-03T00:32:24.267Z] TRANSITION: TASK-20260803-000141367 → completed
[2026-08-03T00:37:29.205Z] DECISION: TASK-20260803-001127666 — architect → approve
[2026-08-03T00:37:29.207Z] DECISION: TASK-20260803-001127666 — database → approve
[2026-08-03T00:37:29.209Z] DECISION: TASK-20260803-001127666 — backend → approve
[2026-08-03T00:37:29.211Z] DECISION: TASK-20260803-001127666 — frontend → approve
[2026-08-03T00:37:29.212Z] DECISION: TASK-20260803-001127666 — security → approve
[2026-08-03T00:37:29.214Z] DECISION: TASK-20260803-001127666 — qa → approve
[2026-08-03T00:37:29.216Z] DECISION: TASK-20260803-001127666 — release → approve
[2026-08-03T00:37:29.218Z] DECISION: TASK-20260803-001127666 — infrastructure_bootstrap → approve
[2026-08-03T00:37:29.219Z] DECISION: TASK-20260803-001127666 — infrastructure_guardian → approve
[2026-08-03T00:37:29.221Z] DECISION: TASK-20260803-001127666 — memory_engineer → approve
[2026-08-03T00:37:39.643Z] TRANSITION: TASK-20260803-001127666 → in_progress
[2026-08-03T01:00:28.993Z] TRANSITION: TASK-20260803-001127666 → completed
[2026-08-03T01:06:51.241Z] DECISION: TASK-20260803-001127679 — architect → approve
[2026-08-03T01:06:51.243Z] DECISION: TASK-20260803-001127679 — database → approve
[2026-08-03T01:06:51.245Z] DECISION: TASK-20260803-001127679 — backend → approve
[2026-08-03T01:06:51.247Z] DECISION: TASK-20260803-001127679 — frontend → approve
[2026-08-03T01:06:51.249Z] DECISION: TASK-20260803-001127679 — security → approve
[2026-08-03T01:06:51.251Z] DECISION: TASK-20260803-001127679 — qa → approve
[2026-08-03T01:06:51.253Z] DECISION: TASK-20260803-001127679 — release → approve
[2026-08-03T01:06:51.256Z] DECISION: TASK-20260803-001127679 — memory_engineer → approve
[2026-08-03T01:08:25.653Z] TRANSITION: TASK-20260803-001127679 → in_progress
[2026-08-03T01:28:59.566Z] TRANSITION: TASK-20260803-001127679 → completed
[2026-08-03T01:43:16.858Z] DECISION: TASK-20260803-001127713 — architect → approve
[2026-08-03T01:43:16.860Z] DECISION: TASK-20260803-001127713 — database → approve
[2026-08-03T01:43:16.862Z] DECISION: TASK-20260803-001127713 — backend → approve
[2026-08-03T01:43:16.864Z] DECISION: TASK-20260803-001127713 — frontend → approve
[2026-08-03T01:43:16.865Z] DECISION: TASK-20260803-001127713 — ai_engineer → approve
[2026-08-03T01:43:16.867Z] DECISION: TASK-20260803-001127713 — performance → approve
[2026-08-03T01:43:16.868Z] DECISION: TASK-20260803-001127713 — security → approve
[2026-08-03T01:43:16.870Z] DECISION: TASK-20260803-001127713 — qa → approve
[2026-08-03T01:43:16.872Z] DECISION: TASK-20260803-001127713 — release → approve
[2026-08-03T01:43:16.873Z] DECISION: TASK-20260803-001127713 — memory_engineer → approve
[2026-08-03T01:43:19.786Z] TRANSITION: TASK-20260803-001127713 → in_progress
[2026-08-03T20:59:20.109Z] TRANSITION: TASK-20260803-001127713 → completed
[2026-08-03T21:48:59.329Z] CREATED: TASK-20260803-214859374 — COMPLEX — Upgrade Baileys to v7.0.0-rc14 in whatsapp-bridge
[2026-08-03T21:49:31.275Z] DECISION: TASK-20260803-214859374 — architect → approve
[2026-08-03T21:49:31.287Z] DECISION: TASK-20260803-214859374 — backend → approve
[2026-08-03T21:49:31.298Z] DECISION: TASK-20260803-214859374 — frontend → approve
[2026-08-03T21:49:31.316Z] DECISION: TASK-20260803-214859374 — qa → approve
[2026-08-03T21:49:31.333Z] DECISION: TASK-20260803-214859374 — release → approve
[2026-08-03T21:49:31.345Z] DECISION: TASK-20260803-214859374 — infrastructure_bootstrap → approve
[2026-08-03T21:49:31.357Z] DECISION: TASK-20260803-214859374 — infrastructure_guardian → approve
[2026-08-03T21:49:31.368Z] DECISION: TASK-20260803-214859374 — memory_engineer → approve
[2026-08-03T21:49:45.907Z] TRANSITION: TASK-20260803-214859374 → in_progress
[2026-08-03T22:08:15.958Z] CREATED: TASK-20260803-220815401 — COMPLEX — Baileys Agent: session health watcher in whatsapp-bridge
[2026-08-03T22:08:27.307Z] DECISION: TASK-20260803-220815401 — architect → approve
[2026-08-03T22:08:27.319Z] DECISION: TASK-20260803-220815401 — backend → approve
[2026-08-03T22:08:27.332Z] DECISION: TASK-20260803-220815401 — frontend → approve
[2026-08-03T22:08:27.359Z] DECISION: TASK-20260803-220815401 — qa → approve
[2026-08-03T22:08:27.371Z] DECISION: TASK-20260803-220815401 — release → approve
[2026-08-03T22:08:27.381Z] DECISION: TASK-20260803-220815401 — infrastructure_bootstrap → approve
[2026-08-03T22:08:27.392Z] DECISION: TASK-20260803-220815401 — infrastructure_guardian → approve
[2026-08-03T22:08:27.403Z] DECISION: TASK-20260803-220815401 — memory_engineer → approve
[2026-08-03T22:08:30.104Z] TRANSITION: TASK-20260803-220815401 → in_progress
[2026-08-03T22:32:11.247Z] TRANSITION: TASK-20260803-220815401 → completed
[2026-08-03T22:32:13.759Z] TRANSITION: TASK-20260803-214859374 → completed
[2026-08-03T22:52:07.763Z] CREATED: TASK-20260803-225207190 — COMPLEX — Integrar política de cierre comercial condicionada al prompt del asistente
[2026-08-03T22:52:17.106Z] DECISION: TASK-20260803-225207190 — architect → approve
[2026-08-03T22:52:25.511Z] DECISION: TASK-20260803-225207190 — backend → approve
[2026-08-03T22:52:27.825Z] DECISION: TASK-20260803-225207190 — frontend → approve
[2026-08-03T22:52:30.160Z] DECISION: TASK-20260803-225207190 — ai_engineer → approve
[2026-08-03T22:52:39.093Z] DECISION: TASK-20260803-225207190 — performance → approve
[2026-08-03T22:52:41.761Z] DECISION: TASK-20260803-225207190 — qa → approve
[2026-08-03T22:52:44.320Z] DECISION: TASK-20260803-225207190 — release → approve
[2026-08-03T22:52:46.591Z] DECISION: TASK-20260803-225207190 — memory_engineer → approve
[2026-08-03T22:52:57.962Z] TRANSITION: TASK-20260803-225207190 → in_progress
[2026-08-03T22:56:07.745Z] TRANSITION: TASK-20260803-225207190 → completed
