[2026-08-23T10:25:40.824Z] CREATED: TASK-20260823-102540725 — COMPLEX — Engineering Loop v0.1 - minimal worker handoff
[2026-08-23T10:27:01.150Z] DECISION: TASK-20260823-102540725 — infrastructure_bootstrap → approve
[2026-08-23T10:27:03.167Z] DECISION: TASK-20260823-102540725 — infrastructure_guardian → approve
[2026-08-23T10:27:05.136Z] DECISION: TASK-20260823-102540725 — architect → approve
[2026-08-23T10:27:07.128Z] DECISION: TASK-20260823-102540725 — backend → approve
[2026-08-23T10:27:27.097Z] DECISION: TASK-20260823-102540725 — frontend → approve
[2026-08-23T10:27:29.078Z] DECISION: TASK-20260823-102540725 — security → approve
[2026-08-23T10:27:31.019Z] DECISION: TASK-20260823-102540725 — qa → approve
[2026-08-23T10:27:32.959Z] DECISION: TASK-20260823-102540725 — godzilla → approve
[2026-08-23T10:27:34.928Z] DECISION: TASK-20260823-102540725 — memory_engineer → approve
[2026-08-23T10:27:36.895Z] DECISION: TASK-20260823-102540725 — release → approve
[2026-08-23T11:42:35.602Z] CREATED: TASK-20260823-114235663 — COMPLEX — Engineering Loop v0.2a - Accountable Handoff: Subaru obligatorio, precondicion de governance e INFRA_FAILURE
[2026-08-23T11:42:53.068Z] DECISION: TASK-20260823-114235663 — architect → approve
[2026-08-23T11:42:55.111Z] DECISION: TASK-20260823-114235663 — backend → approve
[2026-08-23T11:42:57.081Z] DECISION: TASK-20260823-114235663 — frontend → approve
[2026-08-23T11:42:59.032Z] DECISION: TASK-20260823-114235663 — security → approve
[2026-08-23T11:43:15.553Z] DECISION: TASK-20260823-114235663 — qa → approve
[2026-08-23T11:43:17.611Z] DECISION: TASK-20260823-114235663 — godzilla → approve
[2026-08-23T11:43:19.579Z] DECISION: TASK-20260823-114235663 — release → approve
[2026-08-23T11:43:21.503Z] DECISION: TASK-20260823-114235663 — infrastructure_bootstrap → approve
[2026-08-23T11:43:23.459Z] DECISION: TASK-20260823-114235663 — infrastructure_guardian → approve
[2026-08-23T11:43:25.407Z] DECISION: TASK-20260823-114235663 — memory_engineer → approve
