[2026-08-21T00:31:14.392Z] DECISION: TASK-20260820-ADR026 — architect → approve
[2026-08-21T00:31:29.099Z] DECISION: TASK-20260820-ADR026 — backend → approve
[2026-08-21T00:31:41.409Z] DECISION: TASK-20260820-ADR026 — frontend → approve
[2026-08-21T00:31:56.236Z] DECISION: TASK-20260820-ADR026 — security → approve
[2026-08-21T00:32:08.602Z] DECISION: TASK-20260820-ADR026 — performance → approve
[2026-08-21T00:32:23.798Z] DECISION: TASK-20260820-ADR026 — qa → approve
[2026-08-21T00:32:46.581Z] DECISION: TASK-20260820-ADR026 — godzilla → approve
[2026-08-21T00:32:59.717Z] DECISION: TASK-20260820-ADR026 — release → approve
[2026-08-21T00:33:28.737Z] TRANSITION: TASK-20260820-ADR026 → in_progress
[2026-08-21T00:48:10.120Z] TRANSITION: TASK-20260820-ADR026 → completed
[2026-08-21T08:14:03.427Z] DECISION: TASK-20260820-ADR027 — architect → approve
[2026-08-21T08:14:06.545Z] DECISION: TASK-20260820-ADR027 — domain_expert → approve
[2026-08-21T08:14:09.772Z] DECISION: TASK-20260820-ADR027 — product_manager → approve
[2026-08-21T08:14:12.581Z] DECISION: TASK-20260820-ADR027 — database → approve
[2026-08-21T08:14:15.226Z] DECISION: TASK-20260820-ADR027 — backend → approve
[2026-08-21T08:14:18.743Z] DECISION: TASK-20260820-ADR027 — frontend → approve
[2026-08-21T08:14:22.109Z] DECISION: TASK-20260820-ADR027 — performance → approve
[2026-08-21T08:14:24.901Z] DECISION: TASK-20260820-ADR027 — security → approve
[2026-08-21T08:14:27.978Z] DECISION: TASK-20260820-ADR027 — qa → approve
[2026-08-21T08:14:30.577Z] DECISION: TASK-20260820-ADR027 — godzilla → approve
[2026-08-21T08:14:33.579Z] DECISION: TASK-20260820-ADR027 — release → approve
[2026-08-21T08:14:36.033Z] DECISION: TASK-20260820-ADR027 — infrastructure_bootstrap → approve
[2026-08-21T08:14:38.962Z] DECISION: TASK-20260820-ADR027 — infrastructure_guardian → approve
[2026-08-21T08:14:42.009Z] DECISION: TASK-20260820-ADR027 — memory_engineer → approve
