[2026-08-05T02:02:35.891Z] CREATED: TASK-20260805-020235754 — SIMPLE — Fix reporte de analisis atascado en 'analyzing'
[2026-08-05T02:02:48.964Z] TRANSITION: TASK-20260805-020235754 → in_progress
[2026-08-05T02:08:46.519Z] TRANSITION: TASK-20260805-020235754 → completed
[2026-08-05T03:51:36.153Z] CREATED: TASK-20260805-035136984 — COMPLEX — Entorno de pruebas completo y profesional para produccion
[2026-08-05T03:51:45.795Z] DECISION: TASK-20260805-035136984 — architect → approve
[2026-08-05T03:51:54.294Z] DECISION: TASK-20260805-035136984 — backend → approve
[2026-08-05T03:52:02.192Z] DECISION: TASK-20260805-035136984 — qa → approve
[2026-08-05T03:52:10.479Z] DECISION: TASK-20260805-035136984 — release → approve
[2026-08-05T03:52:18.419Z] DECISION: TASK-20260805-035136984 — infrastructure_bootstrap → approve
[2026-08-05T03:52:27.293Z] DECISION: TASK-20260805-035136984 — infrastructure_guardian → approve
[2026-08-05T03:52:35.227Z] DECISION: TASK-20260805-035136984 — memory_engineer → approve
[2026-08-05T03:52:43.152Z] TRANSITION: TASK-20260805-035136984 → in_progress
[2026-08-05T04:12:05.982Z] TRANSITION: TASK-20260805-035136984 → completed
[2026-08-05T04:20:40.099Z] CREATED: TASK-20260805-042040441 — COMPLEX — Sistema de badges de tests en README con actualizacion automatica via CI
[2026-08-05T04:20:50.331Z] DECISION: TASK-20260805-042040441 — architect → approve
[2026-08-05T04:20:52.650Z] DECISION: TASK-20260805-042040441 — backend → approve
[2026-08-05T04:20:54.812Z] DECISION: TASK-20260805-042040441 — frontend → approve
[2026-08-05T04:20:57.072Z] DECISION: TASK-20260805-042040441 — qa → approve
[2026-08-05T04:20:59.620Z] DECISION: TASK-20260805-042040441 — release → approve
[2026-08-05T04:21:01.806Z] DECISION: TASK-20260805-042040441 — infrastructure_bootstrap → approve
[2026-08-05T04:21:04.156Z] DECISION: TASK-20260805-042040441 — infrastructure_guardian → approve
[2026-08-05T04:21:06.406Z] DECISION: TASK-20260805-042040441 — memory_engineer → approve
[2026-08-05T04:21:14.272Z] TRANSITION: TASK-20260805-042040441 → in_progress
[2026-08-05T04:24:39.945Z] CREATED: TASK-20260805-042439273 — SIMPLE — Licencia propietaria del repositorio (no open source, no uso libre)
[2026-08-05T04:27:10.051Z] TRANSITION: TASK-20260805-042439273 → completed
[2026-08-05T04:27:46.887Z] TRANSITION: TASK-20260805-042040441 → completed
