[2026-08-06T03:09:06.752Z] CREATED: TASK-20260806-030906444 — SIMPLE — Fix API auth NEXT_REDIRECT to return 401
[2026-08-06T03:09:06.756Z] CREATED: TASK-20260806-030906015 — SIMPLE — Fix dark mode toggle not affecting layout
[2026-08-06T03:09:06.759Z] CREATED: TASK-20260806-030906393 — SIMPLE — Wire atmosphere heuristic to knowledge-studio route
[2026-08-06T03:09:06.763Z] CREATED: TASK-20260806-030906069 — SIMPLE — Fix accessibility toggles that apply no styles
[2026-08-06T03:09:06.767Z] CREATED: TASK-20260806-030906865 — COMPLEX — Internationalize hardcoded dashboard texts
[2026-08-06T03:09:06.770Z] CREATED: TASK-20260806-030906450 — SIMPLE — Mount or remove orphaned WeeklyReportCard
[2026-08-06T03:09:06.774Z] CREATED: TASK-20260806-030906040 — COMPLEX — Start WhatsApp bridge and restore channel connectivity
[2026-08-06T03:16:27.965Z] DECISION: TASK-20260806-030906865 — architect → approve
[2026-08-06T03:16:31.599Z] DECISION: TASK-20260806-030906865 — frontend → approve
[2026-08-06T03:16:35.099Z] DECISION: TASK-20260806-030906865 — qa → approve
[2026-08-06T03:16:38.657Z] DECISION: TASK-20260806-030906865 — release → approve
[2026-08-06T03:16:42.236Z] DECISION: TASK-20260806-030906865 — memory_engineer → approve
[2026-08-06T03:16:54.949Z] DECISION: TASK-20260806-030906040 — architect → approve
[2026-08-06T03:16:58.468Z] DECISION: TASK-20260806-030906040 — backend → approve
[2026-08-06T03:17:02.469Z] DECISION: TASK-20260806-030906040 — qa → approve
[2026-08-06T03:17:06.913Z] DECISION: TASK-20260806-030906040 — release → approve
[2026-08-06T03:17:10.201Z] DECISION: TASK-20260806-030906040 — infrastructure_bootstrap → approve
[2026-08-06T03:17:13.763Z] DECISION: TASK-20260806-030906040 — infrastructure_guardian → approve
[2026-08-06T03:17:17.128Z] DECISION: TASK-20260806-030906040 — memory_engineer → approve
[2026-08-06T03:17:34.823Z] TRANSITION: TASK-20260806-030906444 → in_progress
[2026-08-06T03:22:00.625Z] TRANSITION: TASK-20260806-030906444 → completed
[2026-08-06T03:22:03.816Z] TRANSITION: TASK-20260806-030906040 → in_progress
[2026-08-06T03:53:26.254Z] TRANSITION: TASK-20260806-030906040 → completed
[2026-08-06T03:53:29.437Z] TRANSITION: TASK-20260806-030906015 → in_progress
[2026-08-06T03:58:47.551Z] TRANSITION: TASK-20260806-030906015 → completed
[2026-08-06T03:58:50.707Z] TRANSITION: TASK-20260806-030906393 → in_progress
[2026-08-06T04:03:00.030Z] TRANSITION: TASK-20260806-030906393 → completed
[2026-08-06T04:03:03.384Z] TRANSITION: TASK-20260806-030906069 → completed
[2026-08-06T04:09:21.661Z] TRANSITION: TASK-20260806-030906450 → completed
[2026-08-06T04:35:42.501Z] TRANSITION: TASK-20260806-030906865 → completed
[2026-08-06T07:18:15.300Z] CREATED: TASK-20260806-071815884 — COMPLEX — MIA Landings: monorepo evolutivo + Mia Pixel
[2026-08-06T07:18:26.242Z] DECISION: TASK-20260806-071815884 — architect → approve
[2026-08-06T07:18:29.037Z] DECISION: TASK-20260806-071815884 — database → approve
[2026-08-06T07:18:32.110Z] DECISION: TASK-20260806-071815884 — backend → approve
[2026-08-06T07:18:35.147Z] DECISION: TASK-20260806-071815884 — frontend → approve
[2026-08-06T07:18:44.960Z] DECISION: TASK-20260806-071815884 — security → approve
[2026-08-06T07:18:47.493Z] DECISION: TASK-20260806-071815884 — qa → approve
[2026-08-06T07:18:50.117Z] DECISION: TASK-20260806-071815884 — release → approve
[2026-08-06T07:18:52.485Z] DECISION: TASK-20260806-071815884 — infrastructure_bootstrap → approve
[2026-08-06T07:18:54.907Z] DECISION: TASK-20260806-071815884 — infrastructure_guardian → approve
[2026-08-06T07:18:57.469Z] DECISION: TASK-20260806-071815884 — memory_engineer → approve
[2026-08-06T07:19:05.977Z] TRANSITION: TASK-20260806-071815884 → in_progress
