[2026-07-30T02:23:30.917Z] CREATED: TASK-20260730-022330 — SIMPLE — Fix button alignment on login page
[2026-07-30T02:23:30.930Z] CREATED: TASK-20260730-022330 — COMPLEX — Add customer export functionality
[2026-07-30T02:23:30.944Z] DECISION: TASK-20260730-022330 — architect → approve
[2026-07-30T02:23:30.957Z] DECISION: TASK-20260730-022330 — database → approve
[2026-07-30T02:23:30.968Z] DECISION: TASK-20260730-022330 — backend → approve
[2026-07-30T02:23:30.981Z] DECISION: TASK-20260730-022330 — frontend → approve
[2026-07-30T02:23:30.996Z] DECISION: TASK-20260730-022330 — security → approve
[2026-07-30T02:23:31.008Z] DECISION: TASK-20260730-022330 — qa → approve
[2026-07-30T02:23:31.020Z] DECISION: TASK-20260730-022330 — release → approve
[2026-07-30T02:23:31.032Z] DECISION: TASK-20260730-022330 — memory_engineer → approve
[2026-07-30T02:23:31.045Z] TRANSITION: TASK-20260730-022330 → in_progress
[2026-07-30T02:23:31.058Z] TRANSITION: TASK-20260730-022330 → completed
[2026-07-30T02:28:54.736Z] CREATED: TASK-20260730-022854 — COMPLEX — Sprint 1 — Product Survival
[2026-07-30T02:28:54.752Z] DECISION: TASK-20260730-022854 — architect → approve
[2026-07-30T02:28:54.765Z] DECISION: TASK-20260730-022854 — database → approve
[2026-07-30T02:28:54.784Z] DECISION: TASK-20260730-022854 — backend → approve
[2026-07-30T02:28:54.801Z] DECISION: TASK-20260730-022854 — frontend → approve
[2026-07-30T02:28:54.816Z] DECISION: TASK-20260730-022854 — ai_engineer → approve
[2026-07-30T02:28:54.834Z] DECISION: TASK-20260730-022854 — performance → approve
[2026-07-30T02:28:54.849Z] DECISION: TASK-20260730-022854 — security → approve
[2026-07-30T02:28:54.864Z] DECISION: TASK-20260730-022854 — qa → approve
[2026-07-30T02:28:54.877Z] DECISION: TASK-20260730-022854 — release → approve
[2026-07-30T02:28:54.893Z] DECISION: TASK-20260730-022854 — memory_engineer → approve
