[2026-08-16T01:43:21.588Z] TRANSITION: TASK-20260815-194306248 → in_progress
[2026-08-16T01:49:06.966Z] TRANSITION: TASK-20260815-194306248 → completed
[2026-08-16T02:16:25.780Z] TRANSITION: TASK-20260816-021610 → in_progress
[2026-08-16T02:39:46.287Z] TRANSITION: TASK-20260816-021610 → completed
[2026-08-16T02:52:32.059Z] TRANSITION: TASK-20260816-025216 → in_progress
[2026-08-16T03:06:49.728Z] TRANSITION: TASK-20260816-025216 → completed
[2026-08-16T03:28:02.599Z] TRANSITION: TASK-20260816-032745 → in_progress
[2026-08-16T03:35:26.007Z] TRANSITION: TASK-20260816-032745 → completed
[2026-08-16T03:43:10.249Z] TRANSITION: TASK-20260816-034253 → in_progress
[2026-08-16T03:50:45.690Z] TRANSITION: TASK-20260816-034253 → completed
[2026-08-16T04:01:59.382Z] CREATED: TASK-20260816-040159629 — SIMPLE — Opcion Desechar por sugerencia en Enseñarle a MIA (TeachModal)
[2026-08-16T04:02:02.834Z] TRANSITION: TASK-20260816-040159629 → in_progress
[2026-08-16T04:05:07.252Z] TRANSITION: TASK-20260816-040159629 → completed
[2026-08-16T04:28:44.506Z] CREATED: TASK-20260816-042844183 — COMPLEX — Logo MIA girando como indicador de carga (auth + dashboards)
[2026-08-16T04:28:50.953Z] DECISION: TASK-20260816-042844183 — architect → approve
[2026-08-16T04:28:52.252Z] DECISION: TASK-20260816-042844183 — frontend → approve
[2026-08-16T04:28:53.428Z] DECISION: TASK-20260816-042844183 — qa → approve
[2026-08-16T04:28:58.779Z] DECISION: TASK-20260816-042844183 — release → approve
[2026-08-16T04:28:59.919Z] DECISION: TASK-20260816-042844183 — memory_engineer → approve
[2026-08-16T04:29:05.245Z] TRANSITION: TASK-20260816-042844183 → in_progress
[2026-08-16T04:32:42.753Z] TRANSITION: TASK-20260816-042844183 → completed
