[2026-08-24T00:22:12.459Z] CREATED: TASK-20260824-002212903 — COMPLEX — Loop Replication Proof v0.1 - Micro-loop Inventory sobre fixtures sinteticos (replica mecanica aislada del Engineering Loop)
[2026-08-24T00:22:57.447Z] DECISION: TASK-20260824-002212903 — architect → approve
[2026-08-24T00:22:57.460Z] DECISION: TASK-20260824-002212903 — backend → approve
[2026-08-24T00:22:57.473Z] DECISION: TASK-20260824-002212903 — frontend → approve
[2026-08-24T00:22:57.489Z] DECISION: TASK-20260824-002212903 — security → approve
[2026-08-24T00:22:57.509Z] DECISION: TASK-20260824-002212903 — qa → approve
[2026-08-24T00:22:57.521Z] DECISION: TASK-20260824-002212903 — godzilla → approve
[2026-08-24T00:22:57.537Z] DECISION: TASK-20260824-002212903 — release → approve
[2026-08-24T00:22:57.551Z] DECISION: TASK-20260824-002212903 — infrastructure_bootstrap → approve
[2026-08-24T00:22:57.568Z] DECISION: TASK-20260824-002212903 — infrastructure_guardian → approve
[2026-08-24T00:22:57.582Z] DECISION: TASK-20260824-002212903 — memory_engineer → approve
[2026-08-24T04:59:51.516Z] CREATED: TASK-20260824-045951522 — SIMPLE — refactor(media): clean conditional dispatch flow
[2026-08-24T05:00:10.264Z] TRANSITION: TASK-20260824-045951522 → in_progress
[2026-08-24T05:06:05.976Z] DECISION: TASK-20260824-045951522 — memory_engineer → approve
[2026-08-24T05:06:08.377Z] TRANSITION: TASK-20260824-045951522 → completed
[2026-08-24T05:16:12.951Z] CREATED: TASK-20260824-051612423 — COMPLEX — fix(media): enforce concurrent dispatch uniqueness
[2026-08-24T05:16:38.347Z] DECISION: TASK-20260824-051612423 — architect → approve
[2026-08-24T05:16:40.633Z] DECISION: TASK-20260824-051612423 — backend → approve
[2026-08-24T05:16:42.828Z] DECISION: TASK-20260824-051612423 — frontend → approve
[2026-08-24T05:16:45.215Z] DECISION: TASK-20260824-051612423 — ai_engineer → approve
[2026-08-24T05:17:14.330Z] DECISION: TASK-20260824-051612423 — performance → approve
[2026-08-24T05:17:16.490Z] DECISION: TASK-20260824-051612423 — qa → approve
[2026-08-24T05:17:18.689Z] DECISION: TASK-20260824-051612423 — godzilla → approve
[2026-08-24T05:17:20.851Z] DECISION: TASK-20260824-051612423 — release → approve
[2026-08-24T05:17:23.115Z] DECISION: TASK-20260824-051612423 — memory_engineer → approve
[2026-08-24T05:17:38.535Z] TRANSITION: TASK-20260824-051612423 → in_progress
[2026-08-24T06:42:37.305Z] CREATED: TASK-20260824-064237689 — COMPLEX — Customer Data Integrity Loop V01: outcome cancelado invalido, errores DB silenciosos y enriquecimiento de customer
[2026-08-24T06:42:56.492Z] DECISION: TASK-20260824-064237689 — architect → approve
[2026-08-24T06:43:11.408Z] DECISION: TASK-20260824-064237689 — backend → approve
[2026-08-24T06:43:24.678Z] DECISION: TASK-20260824-064237689 — frontend → approve
[2026-08-24T06:43:53.523Z] DECISION: TASK-20260824-064237689 — qa → approve
[2026-08-24T06:44:05.498Z] DECISION: TASK-20260824-064237689 — godzilla → approve
[2026-08-24T06:44:15.565Z] DECISION: TASK-20260824-064237689 — release → approve
[2026-08-24T06:44:28.073Z] DECISION: TASK-20260824-064237689 — memory_engineer → approve
[2026-08-24T06:44:47.559Z] TRANSITION: TASK-20260824-064237689 → in_progress
[2026-08-24T07:54:23.409Z] CREATED: TASK-20260824-075423444 — COMPLEX — Customer Dashboard Visibility Loop V02: visibilidad de datos de customer en el dashboard
[2026-08-24T07:54:46.253Z] DECISION: TASK-20260824-075423444 — architect → approve
[2026-08-24T07:54:49.514Z] DECISION: TASK-20260824-075423444 — backend → approve
[2026-08-24T07:55:06.549Z] DECISION: TASK-20260824-075423444 — frontend → approve
[2026-08-24T07:55:07.709Z] DECISION: TASK-20260824-075423444 — qa → approve
[2026-08-24T07:55:28.163Z] DECISION: TASK-20260824-075423444 — release → approve
[2026-08-24T07:55:54.260Z] DECISION: TASK-20260824-075423444 — frontend2 → approve
[2026-08-24T07:56:17.926Z] DECISION: TASK-20260824-075423444 — godzilla → approve
[2026-08-24T07:56:19.477Z] DECISION: TASK-20260824-075423444 — memory_engineer → approve
[2026-08-24T07:56:35.940Z] TRANSITION: TASK-20260824-075423444 → in_progress
[2026-08-24T07:57:41.985Z] TRANSITION: TASK-20260824-064237689 → completed
[2026-08-24T08:44:57.990Z] CREATED: TASK-20260824-084457229 — COMPLEX — TECH-DEBT-REMEDIATION-V01 bounded remediation
[2026-08-24T08:45:18.852Z] DECISION: TASK-20260824-084457229 — architect → approve
[2026-08-24T08:45:21.411Z] DECISION: TASK-20260824-084457229 — backend → approve
[2026-08-24T08:45:24.127Z] DECISION: TASK-20260824-084457229 — frontend → approve
[2026-08-24T08:45:27.135Z] DECISION: TASK-20260824-084457229 — qa → approve
[2026-08-24T08:45:30.598Z] DECISION: TASK-20260824-084457229 — godzilla → approve
[2026-08-24T08:45:33.198Z] DECISION: TASK-20260824-084457229 — release → approve
[2026-08-24T08:45:35.515Z] DECISION: TASK-20260824-084457229 — memory_engineer → approve
[2026-08-24T08:45:38.334Z] TRANSITION: TASK-20260824-084457229 → in_progress
[2026-08-24T09:18:20.419Z] CREATED: TASK-20260824-091820357 — SIMPLE — INVARIANT-REGISTRY-V01 seed artifact
[2026-08-24T09:18:23.416Z] TRANSITION: TASK-20260824-091820357 → in_progress
[2026-08-24T09:38:06.831Z] CREATED: TASK-20260824-093806189 — COMPLEX — INVARIANT-VERIFICATION-V01 mechanical verification
[2026-08-24T09:42:14.313Z] DECISION: TASK-20260824-093806189 — architect → approve
[2026-08-24T09:42:16.725Z] DECISION: TASK-20260824-093806189 — backend → approve
[2026-08-24T09:42:19.065Z] DECISION: TASK-20260824-093806189 — qa → approve
[2026-08-24T09:42:21.830Z] DECISION: TASK-20260824-093806189 — godzilla → approve
[2026-08-24T09:42:24.173Z] DECISION: TASK-20260824-093806189 — release → approve
[2026-08-24T09:42:26.289Z] DECISION: TASK-20260824-093806189 — infrastructure_bootstrap → approve
[2026-08-24T09:42:28.472Z] DECISION: TASK-20260824-093806189 — infrastructure_guardian → approve
[2026-08-24T09:42:30.642Z] DECISION: TASK-20260824-093806189 — memory_engineer → approve
[2026-08-24T09:42:32.921Z] TRANSITION: TASK-20260824-093806189 → in_progress
[2026-08-24T17:05:45.840Z] INVARIANT: TASK-20260824-093806189 — INV-G-001 → UNKNOWN
[2026-08-24T17:05:48.051Z] INVARIANT: TASK-20260824-093806189 — INV-G-002 → HUMAN_REQUIRED
[2026-08-24T17:05:52.025Z] INVARIANT: TASK-20260824-093806189 — INV-G-003 → PASS
[2026-08-24T17:05:54.220Z] INVARIANT: TASK-20260824-093806189 — INV-G-004 → FAIL
[2026-08-24T17:05:56.387Z] INVARIANT: TASK-20260824-093806189 — INV-G-005 → PASS
[2026-08-24T17:05:58.907Z] INVARIANT: TASK-20260824-093806189 — INV-G-006 → HUMAN_REQUIRED
[2026-08-24T17:06:01.144Z] INVARIANT: TASK-20260824-093806189 — INV-G-007 → PASS
[2026-08-24T17:06:03.622Z] INVARIANT: TASK-20260824-093806189 — INV-G-008 → UNKNOWN
[2026-08-24T17:06:06.040Z] INVARIANT: TASK-20260824-093806189 — INV-D-SALES-001 → PASS
[2026-08-24T17:06:09.542Z] INVARIANT: TASK-20260824-093806189 — INV-D-SALES-002 → PASS
[2026-08-24T17:06:11.740Z] INVARIANT: TASK-20260824-093806189 — INV-D-SALES-003 → UNKNOWN
[2026-08-24T17:06:13.897Z] INVARIANT: TASK-20260824-093806189 — INV-D-CHAN-001 → FAIL
[2026-08-24T17:06:16.441Z] INVARIANT: TASK-20260824-093806189 — INV-D-CUST-001 → PASS
[2026-08-24T17:06:18.766Z] INVARIANT: TASK-20260824-093806189 — INV-D-CUST-002 → PASS
[2026-08-24T17:06:21.310Z] INVARIANT: TASK-20260824-093806189 — INV-D-ANAL-001 → FAIL
[2026-08-24T17:06:25.237Z] INVARIANT: TASK-20260824-093806189 — INV-A-QA-001 → FAIL
[2026-08-24T17:06:27.475Z] INVARIANT: TASK-20260824-093806189 — INV-A-REL-001 → PASS
[2026-08-24T17:06:30.237Z] QUALITY: TASK-20260824-093806189 — lint → FAIL
[2026-08-24T17:06:33.547Z] QUALITY: TASK-20260824-093806189 — build → FAIL
[2026-08-24T17:06:36.175Z] QUALITY: TASK-20260824-093806189 — unit_tests → FAIL
[2026-08-24T17:06:38.789Z] QUALITY: TASK-20260824-093806189 — e2e_tests → FAIL
[2026-08-24T17:06:41.475Z] QUALITY: TASK-20260824-093806189 — chrome_devtools → FAIL
[2026-08-24T17:06:43.893Z] QUALITY: TASK-20260824-093806189 — security_review → PASS
[2026-08-24T17:06:46.129Z] QUALITY: TASK-20260824-093806189 — stress_test → PASS
[2026-08-24T17:25:11.186Z] CREATED: TASK-20260824-172511883 — COMPLEX — MIA-FUNCTIONAL-INTEGRITY-V01 functional integrity audit
[2026-08-24T17:25:52.819Z] DECISION: TASK-20260824-172511883 — architect → approve
[2026-08-24T17:25:55.748Z] DECISION: TASK-20260824-172511883 — backend → approve
[2026-08-24T17:25:58.537Z] DECISION: TASK-20260824-172511883 — frontend → approve
[2026-08-24T17:26:01.092Z] DECISION: TASK-20260824-172511883 — qa → approve
[2026-08-24T17:26:03.623Z] DECISION: TASK-20260824-172511883 — godzilla → approve
[2026-08-24T17:26:06.119Z] DECISION: TASK-20260824-172511883 — release → approve
[2026-08-24T17:26:09.050Z] DECISION: TASK-20260824-172511883 — memory_engineer → approve
[2026-08-24T17:26:12.370Z] TRANSITION: TASK-20260824-172511883 → in_progress
[2026-08-24T17:27:01.321Z] INVARIANT: TASK-20260824-172511883 — INV-G-005 → PASS
[2026-08-24T17:27:04.659Z] INVARIANT: TASK-20260824-172511883 — INV-D-SALES-001 → PASS
[2026-08-24T17:27:07.391Z] INVARIANT: TASK-20260824-172511883 — INV-D-SALES-002 → PASS
[2026-08-24T17:27:11.499Z] INVARIANT: TASK-20260824-172511883 — INV-D-CUST-001 → PASS
[2026-08-24T17:27:13.944Z] INVARIANT: TASK-20260824-172511883 — INV-D-CUST-002 → PASS
[2026-08-24T17:27:16.873Z] INVARIANT: TASK-20260824-172511883 — INV-A-QA-001 → PASS
[2026-08-24T17:27:19.739Z] INVARIANT: TASK-20260824-172511883 — INV-A-REL-001 → PASS
[2026-08-24T17:27:22.080Z] INVARIANT: TASK-20260824-172511883 — INV-D-CHAN-001 → FAIL
[2026-08-24T17:27:24.982Z] INVARIANT: TASK-20260824-172511883 — INV-D-ANAL-001 → FAIL
[2026-08-24T17:27:27.723Z] QUALITY: TASK-20260824-172511883 — lint → FAIL
[2026-08-24T17:27:31.724Z] QUALITY: TASK-20260824-172511883 — build → FAIL
[2026-08-24T17:27:34.063Z] QUALITY: TASK-20260824-172511883 — unit_tests → FAIL
[2026-08-24T17:27:36.348Z] QUALITY: TASK-20260824-172511883 — e2e_tests → FAIL
[2026-08-24T17:27:40.109Z] QUALITY: TASK-20260824-172511883 — chrome_devtools → FAIL
[2026-08-24T17:27:43.294Z] QUALITY: TASK-20260824-172511883 — security_review → PASS
[2026-08-24T17:27:45.950Z] QUALITY: TASK-20260824-172511883 — stress_test → PASS
[2026-08-24T17:48:20.979Z] CREATED: TASK-20260824-174820058 — SIMPLE — ENVIRONMENT-DRIFT-RESOLUTION-V01 foreign session forensics
[2026-08-24T17:48:23.450Z] TRANSITION: TASK-20260824-174820058 → in_progress
[2026-08-24T17:48:26.175Z] INVARIANT: TASK-20260824-174820058 — INV-G-007 → PASS
[2026-08-24T17:48:29.221Z] QUALITY: TASK-20260824-174820058 — security_review → PASS
[2026-08-24T17:48:31.702Z] QUALITY: TASK-20260824-174820058 — lint → FAIL
[2026-08-24T17:48:35.451Z] QUALITY: TASK-20260824-174820058 — build → FAIL
[2026-08-24T17:48:37.901Z] QUALITY: TASK-20260824-174820058 — unit_tests → FAIL
[2026-08-24T17:48:40.939Z] QUALITY: TASK-20260824-174820058 — e2e_tests → FAIL
[2026-08-24T17:48:43.367Z] QUALITY: TASK-20260824-174820058 — chrome_devtools → FAIL
[2026-08-24T18:02:52.781Z] QUALITY: TASK-20260824-174820058 — lint → PASS
[2026-08-24T18:02:56.100Z] QUALITY: TASK-20260824-174820058 — build → PASS
[2026-08-24T18:02:59.022Z] QUALITY: TASK-20260824-174820058 — unit_tests → PASS
[2026-08-24T18:03:01.411Z] QUALITY: TASK-20260824-174820058 — e2e_tests → PASS
[2026-08-24T18:03:05.080Z] QUALITY: TASK-20260824-174820058 — chrome_devtools → PASS
[2026-08-24T18:03:07.876Z] QUALITY: TASK-20260824-174820058 — stress_test → PASS
[2026-08-24T18:03:10.532Z] INVARIANT: TASK-20260824-174820058 — INV-G-003 → PASS
[2026-08-24T18:03:13.900Z] INVARIANT: TASK-20260824-174820058 — INV-G-005 → PASS
[2026-08-24T18:03:16.324Z] INVARIANT: TASK-20260824-174820058 — INV-G-007 → PASS
[2026-08-24T18:03:19.008Z] INVARIANT: TASK-20260824-174820058 — INV-A-QA-001 → PASS
[2026-08-24T18:03:22.576Z] INVARIANT: TASK-20260824-174820058 — INV-D-CHAN-001 → FAIL
[2026-08-24T18:03:25.188Z] INVARIANT: TASK-20260824-174820058 — INV-D-ANAL-001 → FAIL
[2026-08-24T18:03:27.854Z] TRANSITION: TASK-20260824-174820058 → completed
[2026-08-24T18:34:14.306Z] QUALITY: TASK-20260824-093806189 — lint → PASS
[2026-08-24T18:34:17.361Z] QUALITY: TASK-20260824-093806189 — build → PASS
[2026-08-24T18:34:19.608Z] QUALITY: TASK-20260824-093806189 — unit_tests → PASS
[2026-08-24T18:34:21.949Z] QUALITY: TASK-20260824-093806189 — e2e_tests → PASS
[2026-08-24T18:34:26.905Z] QUALITY: TASK-20260824-172511883 — lint → PASS
[2026-08-24T18:34:30.625Z] QUALITY: TASK-20260824-172511883 — build → PASS
[2026-08-24T18:34:33.398Z] QUALITY: TASK-20260824-172511883 — unit_tests → PASS
[2026-08-24T18:34:35.956Z] QUALITY: TASK-20260824-172511883 — e2e_tests → PASS
[2026-08-24T18:35:04.528Z] QUALITY: TASK-20260824-093806189 — chrome_devtools → PASS
[2026-08-24T18:35:06.640Z] TRANSITION: TASK-20260824-093806189 → completed
[2026-08-24T18:35:08.721Z] QUALITY: TASK-20260824-172511883 — chrome_devtools → PASS
[2026-08-24T18:35:10.914Z] TRANSITION: TASK-20260824-172511883 → completed
[2026-08-24T19:57:02.688Z] CREATED: TASK-20260824-195702493 — SIMPLE — BAILEYS-DISPATCH-E2E-V01 last-mile physical verification
[2026-08-24T19:57:35.490Z] TRANSITION: TASK-20260824-195702493 → in_progress
[2026-08-24T19:57:39.485Z] QUALITY: TASK-20260824-195702493 — lint → PASS
[2026-08-24T19:57:42.392Z] QUALITY: TASK-20260824-195702493 — build → PASS
[2026-08-24T19:57:44.989Z] QUALITY: TASK-20260824-195702493 — unit_tests → PASS
[2026-08-24T19:57:47.697Z] QUALITY: TASK-20260824-195702493 — e2e_tests → PASS
[2026-08-24T19:57:51.531Z] QUALITY: TASK-20260824-195702493 — chrome_devtools → PASS
[2026-08-24T19:57:54.112Z] TRANSITION: TASK-20260824-195702493 → completed
[2026-08-24T20:54:43.489Z] CREATED: TASK-20260824-205443606 — SIMPLE — BAILEYS-HOTFIX-AND-DEBT-REGISTRY-V01
[2026-08-24T21:02:39.100Z] TRANSITION: TASK-20260824-205443606 → in_progress
[2026-08-24T21:02:42.044Z] QUALITY: TASK-20260824-205443606 — lint → PASS
[2026-08-24T21:02:44.880Z] QUALITY: TASK-20260824-205443606 — build → PASS
[2026-08-24T21:02:47.348Z] QUALITY: TASK-20260824-205443606 — unit_tests → PASS
[2026-08-24T21:02:50.575Z] QUALITY: TASK-20260824-205443606 — e2e_tests → PASS
[2026-08-24T21:02:52.892Z] INVARIANT: TASK-20260824-205443606 — INV-G-005 → PASS
[2026-08-24T21:02:55.255Z] TRANSITION: TASK-20260824-205443606 → completed
