[2026-08-11T01:05:13.370Z] TRANSITION: TASK-20260810-070426014 → completed
[2026-08-11T01:21:28.975Z] CREATED: TASK-20260811-012128636 — SIMPLE — Sidebar estable: Configuracion en la nav principal y sin colapso por hover
[2026-08-11T01:21:41.166Z] TRANSITION: TASK-20260811-012128636 → in_progress
[2026-08-11T01:24:45.838Z] TRANSITION: TASK-20260811-012128636 → completed
[2026-08-11T01:36:44.005Z] CREATED: TASK-20260811-013644736 — COMPLEX — Conectar boton WhatsApp (Conectar/Reconectar/Estado) con el bridge de produccion
[2026-08-11T01:37:02.469Z] DECISION: TASK-20260811-013644736 — architect → approve
[2026-08-11T01:37:05.314Z] DECISION: TASK-20260811-013644736 — backend → approve
[2026-08-11T01:37:07.875Z] DECISION: TASK-20260811-013644736 — frontend → approve
[2026-08-11T01:37:10.184Z] DECISION: TASK-20260811-013644736 — security → approve
[2026-08-11T01:37:12.773Z] DECISION: TASK-20260811-013644736 — qa → approve
[2026-08-11T01:37:15.560Z] DECISION: TASK-20260811-013644736 — release → approve
[2026-08-11T01:37:17.875Z] DECISION: TASK-20260811-013644736 — infrastructure_bootstrap → approve
[2026-08-11T01:37:20.378Z] DECISION: TASK-20260811-013644736 — infrastructure_guardian → approve
[2026-08-11T01:37:22.742Z] DECISION: TASK-20260811-013644736 — memory_engineer → approve
[2026-08-11T01:37:33.067Z] TRANSITION: TASK-20260811-013644736 → in_progress
[2026-08-11T01:56:59.213Z] TRANSITION: TASK-20260811-013644736 → completed
[2026-08-11T02:45:49.055Z] CREATED: TASK-20260811-024549288 — SIMPLE — Pulir UI/UX de la tarjeta de WhatsApp y filas de conexiones (textos amigables y estilos estandarizados)
[2026-08-11T02:46:00.340Z] TRANSITION: TASK-20260811-024549288 → in_progress
[2026-08-11T02:50:55.310Z] TRANSITION: TASK-20260811-024549288 → completed
[2026-08-11T03:18:12.311Z] CREATED: TASK-20260811-031812147 — COMPLEX — Endurecer protocolo Return-by-Death (Subaru): governance validado, mark secuencial, complete verificado, revive con drift detection
[2026-08-11T03:19:18.185Z] DECISION: TASK-20260811-031812147 — architect → approve
[2026-08-11T03:19:20.785Z] DECISION: TASK-20260811-031812147 — backend → approve
[2026-08-11T03:19:22.977Z] DECISION: TASK-20260811-031812147 — frontend → approve
[2026-08-11T03:19:25.740Z] DECISION: TASK-20260811-031812147 — qa → approve
[2026-08-11T03:19:28.031Z] DECISION: TASK-20260811-031812147 — release → approve
[2026-08-11T03:19:30.444Z] DECISION: TASK-20260811-031812147 — infrastructure_bootstrap → approve
[2026-08-11T03:19:32.761Z] DECISION: TASK-20260811-031812147 — infrastructure_guardian → approve
[2026-08-11T03:19:36.105Z] DECISION: TASK-20260811-031812147 — memory_engineer → approve
[2026-08-11T07:21:55.750Z] CREATED: TASK-20260811-072155412 — COMPLEX — Edicion por negocio (tenant): capabilities premier para Vitanova con resolucion por businessId y fallback al env global
[2026-08-11T07:22:30.235Z] DECISION: TASK-20260811-072155412 — architect → approve
[2026-08-11T07:22:30.238Z] DECISION: TASK-20260811-072155412 — database → approve
[2026-08-11T07:22:30.241Z] DECISION: TASK-20260811-072155412 — backend → approve
[2026-08-11T07:22:30.243Z] DECISION: TASK-20260811-072155412 — frontend → approve
[2026-08-11T07:22:30.246Z] DECISION: TASK-20260811-072155412 — security → approve
[2026-08-11T07:22:30.248Z] DECISION: TASK-20260811-072155412 — qa → approve
[2026-08-11T07:22:30.250Z] DECISION: TASK-20260811-072155412 — release → approve
[2026-08-11T07:22:30.253Z] DECISION: TASK-20260811-072155412 — memory_engineer → approve
