[2026-08-14T00:05:46.804Z] CREATED: TASK-20260814-000546518 — COMPLEX — Directiva del Concilio: reformular Rol, Reglas Fundamentales (4 reglas del inquilino) y Formato de Respuesta en el system prompt de MIA
[2026-08-14T00:05:52.382Z] DECISION: TASK-20260814-000546518 — architect → approve
[2026-08-14T00:05:52.382Z] DECISION: TASK-20260814-000546518 — backend → approve
[2026-08-14T00:05:52.382Z] DECISION: TASK-20260814-000546518 — ai_engineer → approve
[2026-08-14T00:05:52.383Z] DECISION: TASK-20260814-000546518 — performance → approve
[2026-08-14T00:05:52.383Z] DECISION: TASK-20260814-000546518 — qa → approve
[2026-08-14T00:05:52.383Z] DECISION: TASK-20260814-000546518 — release → approve
[2026-08-14T00:05:52.384Z] DECISION: TASK-20260814-000546518 — memory_engineer → approve
[2026-08-14T00:24:03.865Z] TRANSITION: TASK-20260814-000546518 → in_progress
[2026-08-14T00:27:07.883Z] TRANSITION: TASK-20260814-000546518 → completed
[2026-08-14T02:40:29.713Z] CREATED: TASK-20260814-024029576 — COMPLEX — Cerrar gaps del CRUD de Knowledge Base: reflejo inmediato del bot, activar/desactivar y versionado auditable
[2026-08-14T02:40:36.435Z] DECISION: TASK-20260814-024029576 — architect → approve
[2026-08-14T02:40:36.436Z] DECISION: TASK-20260814-024029576 — backend → approve
[2026-08-14T02:40:36.436Z] DECISION: TASK-20260814-024029576 — frontend → approve
[2026-08-14T02:40:36.436Z] DECISION: TASK-20260814-024029576 — ai_engineer → approve
[2026-08-14T02:40:36.436Z] DECISION: TASK-20260814-024029576 — performance → approve
[2026-08-14T02:40:36.437Z] DECISION: TASK-20260814-024029576 — security → approve
[2026-08-14T02:40:36.437Z] DECISION: TASK-20260814-024029576 — qa → approve
[2026-08-14T02:40:36.437Z] DECISION: TASK-20260814-024029576 — release → approve
[2026-08-14T02:40:36.437Z] DECISION: TASK-20260814-024029576 — memory_engineer → approve
[2026-08-14T03:14:46.800Z] CREATED: TASK-20260814-031446183 — COMPLEX — Regla de envio unico de imagen por producto/sesion + blindaje del pipeline multimedia del bot de WhatsApp (motor Vercel + bridge Fly.io)
[2026-08-14T03:14:52.141Z] DECISION: TASK-20260814-031446183 — architect → approve
[2026-08-14T03:14:52.141Z] DECISION: TASK-20260814-031446183 — database → approve
[2026-08-14T03:14:52.142Z] DECISION: TASK-20260814-031446183 — backend → approve
[2026-08-14T03:14:52.142Z] DECISION: TASK-20260814-031446183 — frontend → approve
[2026-08-14T03:14:52.142Z] DECISION: TASK-20260814-031446183 — security → approve
[2026-08-14T03:14:52.142Z] DECISION: TASK-20260814-031446183 — qa → approve
[2026-08-14T03:14:52.142Z] DECISION: TASK-20260814-031446183 — release → approve
[2026-08-14T03:14:52.143Z] DECISION: TASK-20260814-031446183 — memory_engineer → approve
[2026-08-14T03:53:26.187Z] CREATED: TASK-20260814-035326841 — SIMPLE — Pasada final de limpieza y refactorización: alineación de tipado estricto Supabase, fix de tipos en workshop y verificación completa de calidad
[2026-08-14T04:07:55.716Z] TRANSITION: TASK-20260814-035326841 → completed
[2026-08-14T07:50:51.798Z] CREATED: TASK-20260814-075051181 — COMPLEX — Sellar compatibilidad multiplataforma (Windows): añadir .gitattributes con reglas explícitas de fin de línea y documentar la sección "Desarrollo en Windows" en el README
[2026-08-14T07:51:27.760Z] CREATED: TASK-20260814-075127659 — SIMPLE — Sellar compatibilidad multiplataforma (Windows): añadir .gitattributes con reglas explícitas de fin de línea y documentar la sección "Desarrollo en Windows" en el README
[2026-08-14T07:51:40.439Z] DECISION: TASK-20260814-075051181 — memory_engineer → reject
[2026-08-14T07:53:57.135Z] TRANSITION: TASK-20260814-075127659 → completed
