[2026-08-10T00:25:45.514Z] CREATED: TASK-20260810-002545865 — COMPLEX — MIA Quiet Chrome: contexto por clic derecho, hovers inteligentes y zonas activas
[2026-08-10T00:25:55.559Z] DECISION: TASK-20260810-002545865 — architect → approve
[2026-08-10T00:25:57.143Z] DECISION: TASK-20260810-002545865 — backend → approve
[2026-08-10T00:25:58.980Z] DECISION: TASK-20260810-002545865 — frontend → approve
[2026-08-10T00:26:00.341Z] DECISION: TASK-20260810-002545865 — qa → approve
[2026-08-10T00:26:01.339Z] DECISION: TASK-20260810-002545865 — release → approve
[2026-08-10T00:26:02.219Z] DECISION: TASK-20260810-002545865 — memory_engineer → approve
[2026-08-10T00:26:14.814Z] TRANSITION: TASK-20260810-002545865 → in_progress
[2026-08-10T00:42:28.476Z] TRANSITION: TASK-20260810-002545865 → completed
[2026-08-10T00:54:15.283Z] CREATED: TASK-20260810-005415049 — SIMPLE — quiet chrome: inbox glass y zonas activas en home
[2026-08-10T00:54:26.027Z] TRANSITION: TASK-20260810-005415049 → in_progress
[2026-08-10T01:02:51.236Z] TRANSITION: TASK-20260810-005415049 → completed
[2026-08-10T01:13:50.962Z] CREATED: TASK-20260810-011350200 — COMPLEX — Ghost UI context menu en MIAInbox (reutilizando context-menu.tsx)
[2026-08-10T01:14:07.395Z] DECISION: TASK-20260810-011350200 — architect → approve
[2026-08-10T01:14:07.396Z] DECISION: TASK-20260810-011350200 — backend → approve
[2026-08-10T01:14:07.397Z] DECISION: TASK-20260810-011350200 — frontend → approve
[2026-08-10T01:14:07.399Z] DECISION: TASK-20260810-011350200 — qa → approve
[2026-08-10T01:14:07.400Z] DECISION: TASK-20260810-011350200 — release → approve
[2026-08-10T01:14:07.401Z] DECISION: TASK-20260810-011350200 — memory_engineer → approve
[2026-08-10T01:14:18.956Z] TRANSITION: TASK-20260810-011350200 → in_progress
[2026-08-10T01:27:48.439Z] TRANSITION: TASK-20260810-011350200 → completed
