[2026-08-08T00:09:32.967Z] CREATED: TASK-20260808-000932234 — COMPLEX — Rediseno Catalogo & Medios (QuickSell): hub SKU-centric + columna sku + filtro product_id
[2026-08-08T00:09:45.104Z] DECISION: TASK-20260808-000932234 — architect → approve
[2026-08-08T00:09:55.284Z] DECISION: TASK-20260808-000932234 — database → approve
[2026-08-08T00:10:08.736Z] DECISION: TASK-20260808-000932234 — backend → approve
[2026-08-08T00:10:23.070Z] DECISION: TASK-20260808-000932234 — frontend → approve
[2026-08-08T00:10:36.493Z] DECISION: TASK-20260808-000932234 — security → approve
[2026-08-08T00:10:47.275Z] DECISION: TASK-20260808-000932234 — qa → approve
[2026-08-08T00:11:00.184Z] DECISION: TASK-20260808-000932234 — release → approve
[2026-08-08T00:11:11.791Z] DECISION: TASK-20260808-000932234 — memory_engineer → approve
[2026-08-08T00:11:24.083Z] TRANSITION: TASK-20260808-000932234 → in_progress
[2026-08-08T00:34:30.564Z] TRANSITION: TASK-20260808-000932234 → completed
[2026-08-08T00:51:15.200Z] CREATED: TASK-20260808-005115364 — COMPLEX — Motor de importación multipropósito para el Hub de Catálogo (CSV/XLSX, WooCommerce, scraping)
[2026-08-08T00:51:55.998Z] DECISION: TASK-20260808-005115364 — architect → approve
[2026-08-08T00:52:09.896Z] DECISION: TASK-20260808-005115364 — backend → approve
[2026-08-08T00:52:21.943Z] DECISION: TASK-20260808-005115364 — security → approve
[2026-08-08T00:52:31.609Z] DECISION: TASK-20260808-005115364 — qa → approve
[2026-08-08T00:52:43.847Z] DECISION: TASK-20260808-005115364 — frontend → approve
[2026-08-08T00:52:54.882Z] DECISION: TASK-20260808-005115364 — release → approve
[2026-08-08T00:53:04.426Z] DECISION: TASK-20260808-005115364 — memory_engineer → approve
[2026-08-08T00:53:14.469Z] TRANSITION: TASK-20260808-005115364 → in_progress
[2026-08-08T01:31:07.258Z] TRANSITION: TASK-20260808-005115364 → completed
